user: allowedUser is not a member of any of the allowed teams: [otherteam]