allowing user: allowedUser as a member of the team: allowedTeam