error while getting org team, error: invalid character 't' in literal true (expecting 'r')